#-----------------------------------------------------------
# Vivado v2015.2 (64-bit)
# SW Build 1266856 on Fri Jun 26 16:35:25 MDT 2015
# IP Build 1264090 on Wed Jun 24 14:22:01 MDT 2015
# Start of session at: Tue Feb 19 08:10:31 2019
# Process ID: 3292
# Log file: C:/Users/Administrator/MIPS-CPU-TOY/vivado.log
# Journal file: C:/Users/Administrator/MIPS-CPU-TOY\vivado.jou
#-----------------------------------------------------------
start_gui
open_project C:/Users/Administrator/MIPS-CPU-TOY/cpu.xpr
# Disabling source management mode.  This is to allow the top design properties to be set without GUI intervention.
set_property source_mgmt_mode None [current_project]
set_property top ram_sim [get_filesets sim_1]
set_property top_lib xil_defaultlib [get_filesets sim_1]
# Re-enabling previously disabled source management mode.
set_property source_mgmt_mode All [current_project]
update_compile_order -fileset sim_1
launch_simulation
launch_simulation
launch_simulation
launch_simulation
launch_simulation
launch_simulation
launch_simulation
launch_simulation
source ram_sim.tcl
launch_simulation
source ram_sim.tcl
close_sim
launch_simulation
source ram_sim.tcl
launch_simulation
source ram_sim.tcl
launch_simulation
source ram_sim.tcl
launch_simulation
launch_simulation
source ram_sim.tcl
launch_simulation
source ram_sim.tcl
run 15 us
close_sim
set_property SOURCE_SET sources_1 [get_filesets sim_1]
close [ open C:/Users/Administrator/MIPS-CPU-TOY/cpu.srcs/sim_1/new/rom_sim.v w ]
add_files -fileset sim_1 C:/Users/Administrator/MIPS-CPU-TOY/cpu.srcs/sim_1/new/rom_sim.v
update_compile_order -fileset sim_1
# Disabling source management mode.  This is to allow the top design properties to be set without GUI intervention.
set_property source_mgmt_mode None [current_project]
set_property top rom_sim [get_filesets sim_1]
set_property top_lib xil_defaultlib [get_filesets sim_1]
# Re-enabling previously disabled source management mode.
set_property source_mgmt_mode All [current_project]
update_compile_order -fileset sim_1
update_compile_order -fileset sim_1
update_compile_order -fileset sim_1
launch_simulation
source rom_sim.tcl
run 5 us
run 5 us
launch_simulation
source rom_sim.tcl
